[warm-presentations-319589.framer.app/index.html]
[backblue.gif]
[fade.gif]
[index.html]
[framerusercontent.com/images/UQgFKuB9OvvASV1UWxcLkgDqQ.png]
[framerusercontent.com/images/CC98hSVlqUTIN23Ekl5ShCJFQEQ.jpg]
[warm-presentations-319589.framer.app/menu.html]
[warm-presentations-319589.framer.app/about.html]
[warm-presentations-319589.framer.app/blog.html]
[warm-presentations-319589.framer.app/order.html]
[framerusercontent.com/images/iZJJWAhsJ07eqJ8RZA2gVz1ZkY7c75.png]
[framerusercontent.com/images/QVfINAMQJC2ajSGklcI17VhcYzo95a5.png]
[framerusercontent.com/images/aSS09d5HbmemvBIwghHpwJk8v9Qcc6a.png]
[framerusercontent.com/images/GjdwNH5yIup3dGMZK4ZZFdcXoT0d5cf.png]
[framerusercontent.com/images/3vhBPesOSbmklliq3MG5SlwZ5Pc63d6.jpg]
[framerusercontent.com/images/03JTNwgS5T48KrZjA09YrsPnVuY60b7.jpg]
[framerusercontent.com/images/sPdbpwUmXaSe3ixS1eifyIk9lse243.jpg]
[framerusercontent.com/images/0RuwaaMCnUVUErUYAYm6vlyKbA60b7.jpg]
[framerusercontent.com/images/8mTANgmFsK6pbN2uVodLr4Y618o60b7.jpg]
[framerusercontent.com/images/UdEMZtuve3GAySwk4oTX6kNzy4k60b7.jpg]
[framerusercontent.com/images/UF4boVuseWKkruBgKHPhx8odtQ60b7.jpg]
[framerusercontent.com/images/64Z2xuqyTyRBQG1wWSeznkFSO383651.jpg]
[framerusercontent.com/images/w1rNIii3WXz5B7A2xotfaz2YfAd815.jpg]
[framerusercontent.com/images/1T4sha7VIHlQwKqkfl5Re0691Eace0.jpg]
[framerusercontent.com/images/nhiYmk8dirhVtzunr5LG59zoQfcb2.jpg]
[framerusercontent.com/images/oGGGcpWYfKPId2i6H2ZHUW0vNLE5af1.jpg]
[framerusercontent.com/images/Xh2ehFh9uDuFAJKVFqgpkLOck4cff.jpg]
[framerusercontent.com/images/L71L0ymjLcWgrQRG1LZX3ZL9QCwace0.jpg]
[framerusercontent.com/images/D2zPV0brfPG8kOyC0KuESLF18f8e5.jpg]
[framerusercontent.com/images/45PmMEn7ebkwEw9LpV9l7Wk54fcb2.jpg]
[framerusercontent.com/images/WBk3obXYInRkIC37PtVnyYGqvE6291.jpg]
[framerusercontent.com/images/VeGPnAUfnnXp0CObH5qk1bIp0mA8df8.jpg]
[framerusercontent.com/images/ppqcN6hZKa5eSEo8D67syYtYLw.jpg]
[framerusercontent.com/images/snWoljkiMtfYXsOOqpCPlQK7E4cff.jpg]
[framerusercontent.com/images/JPXn6eTSnvFaxuJ4qtBCmgr8AW80130.jpg]
[framerusercontent.com/images/bmjAttm6TD6eDATDQuUYDCK5DY1f1e.jpg]
[framerusercontent.com/images/ZedukbhAqTWzhWu7XgfHVuuBpc.png]
[framerusercontent.com/images/VynG6uzGXLHAUyGshhV1YnAEYW8f1d6.jpg]
[framerusercontent.com/images/adA3ca5MJSdYVtT9ZmtqJigs4ecb.jpg]
[framerusercontent.com/images/NniQ5fODPxukj0lw0b9G7udQ9U1fe7.jpg]
[warm-presentations-319589.framer.app/blog/cakes-for-every-occasion.html]
[framerusercontent.com/images/S1qzI0442U4nBMZZjKQ7uoHYWs.png]
[warm-presentations-319589.framer.app/blog/the-secret-to-flaky-croissants.html]
[framerusercontent.com/images/zYd9ZhFOdU8uLkhWjQqTl175uY.png]
[framerusercontent.com/images/yDsWDVj8V1HXT53CvBdYDx5DQuw.png]
[warm-presentations-319589.framer.app/index.html]
[warm-presentations-319589.framer.app/terms-conditions.html]
[ga.jspm.io/npm_es-module-shims@1.6.3/dist/es-module-shims.js]
[framerusercontent.com/modules/16WtZTqyoLNtnrUWkDGR/9Qmz4v1YnxhN21coEmHi/K526egY5_.js]
[framerusercontent.com/modules/uVKsdfQsNN71Zn4P6b8G/D2WKp1bFExJOVrRaT5Tc/Ac6exdqj_.js]
[framerusercontent.com/modules/53y7WJqJhhzv9bcOvxJn/Rh46i9XCr9vX915d2wOI/UKdTmYRm7.js]
[framerusercontent.com/modules/vZgJ9DQuOJxLyptfFBxq/gFWvOMlD8Utqcs7fG5qN/UeBjI6UAA.js]
[framerusercontent.com/modules/lApdWhmeEzOt0xVID8Ki/Q35DQqUiIGLhj0aqeMr1/fIyTeJ9ME.js]
[framerusercontent.com/modules/zCTXlpDVo9HXNpk2dpih/KiQwIhicpcRdYlTwF1op/eQqyalod_.js]
[framerusercontent.com/modules/rkVdGGDycGlg5owHlrDK/hd3ir4PYiZ3I9oUaurV8/mRYsqB4yZ.js]
[framerusercontent.com/modules/mAQuUc6jr6Ok67ThDOwL/uclndKFvlDb77O9bn2rv/YRy08CiX2.js]
[framerusercontent.com/modules/5ZOPKZXwboBiPpi2QyEE/itOFR2eTclhGo3LSOo6n/x7LmUlnVc.js]
[framerusercontent.com/modules/26h3JbZEbTqTwkSrBQbN/ALrpRU2xxkKf6IEXNy9m/rWUnAsAOq.js]
[framerusercontent.com/modules/RQ3tbcBviaiXxK3GGZlu/tfhrakb3EucfIH1lqAsW/snippets.js]
[warm-presentations-319589.framer.app/menu.html]
[warm-presentations-319589.framer.app/about.html]
[warm-presentations-319589.framer.app/blog.html]
[warm-presentations-319589.framer.app/order.html]
[warm-presentations-319589.framer.app/blog/cakes-for-every-occasion.html]
[warm-presentations-319589.framer.app/blog/the-secret-to-flaky-croissants.html]
[warm-presentations-319589.framer.app/terms-conditions.html]
